Event Type                     | Severity                       | Duration                      
------------------------------------------------------------------------------------------------
Audit event                    | Info                           | 65 ms                         
[##########################################################-------------------------------]  65%
[###################################################################----------------------]  75%
